<?xml version="1.0" encoding="utf-8"?><testsuites><testsuite name="pytest" errors="0" failures="0" skipped="0" tests="4" time="124.085" timestamp="2025-08-11T17:43:28.381680" hostname="carlos-pc"><testcase classname="tests.model.test_model.TestModel" name="test_model_fit" time="31.908" /><testcase classname="tests.model.test_model.TestModel" name="test_model_predict" time="33.740" /><testcase classname="tests.model.test_model.TestModel" name="test_model_preprocess_for_serving" time="27.643" /><testcase classname="tests.model.test_model.TestModel" name="test_model_preprocess_for_training" time="29.019" /></testsuite></testsuites>